100+6/2= 103
100/5/2= 10
abs(-5)= 5
atn(0)= 0.0
chr(65)= A
chr(129421)= ü¶ç
cos(0)= 1.0
dbl(#4'2/3)= 4.66667
exp(1.0)= 2.71828
int(#-4'2/3)= -5
rat(1.333333333)= #1'1/3
rat(4.4623655914)=#4'43/93= #4'43/93
rat(2.0625)=#2'1/16= #1'1/16
str(22)= |22|
log(exp(1))= 1.0
rnd(4.5)= 3.78084
sgn(-12)= -1
sgn(#0)= 0
sgn(15.2)= 1
sin(3.14159265358/2)= 1.0
sqr(#2)= 1.41421
tab(20) [20G hello!
