hello world, or 👋 🌎! 1
hello world, or 👋 🌎! 2
hello world, or 👋 🌎! 3
hello world, or 👋 🌎! 4
hello world, or 👋 🌎! 5
hello world, or 👋 🌎! 6
hello world, or 👋 🌎! 7
hello world, or 👋 🌎! 8
hello world, or 👋 🌎! 9
hello world, or 👋 🌎! 10
