ERROR: @1:5, INCORRECT NUMBER OF PARAMETERS ❮SIN❯ 2<>1
