ERROR: DEFINITION CYCLE DISCOVERED
   ❮e❯ @5:22 -> ❮a❯ @1:1 -> ❮b❯ @2:15 -> ❮e❯ @5:22
   ❮d❯ @4:22 -> ❮c❯ @3:29 -> ❮d❯ @4:22
   ❮d❯ @4:22 -> ❮h❯ @8:15 -> ❮d❯ @4:22
   ❮g❯ @7:15 -> ❮f❯ @6:22 -> ❮g❯ @7:15
