ERROR: @1:10, UNKNOWN OP IN PARAMETER SUBSTITUTION ❮VOID❯
