ERROR: @2:5, UNKNOWN OP IN PARAMETER SUBSTITUTION ❰VOID❱
