ERROR: @3:5, UNRECOGNIZED DOUBLE MATH OPERATION ❮&❯
