ERROR: @3:5, UNRECOGNIZED INTEGER MATH OPERATION ❰&❱
