ERROR: @2:42, NEXT ON FOR LOOP WITH STRING VARIABLE
