ERROR: @2:4 FUNCTION DEFINITION MULTIPLY DEFINED ❰a❱ @1:4
