ERROR: @3:4, FOR VARIABLE MULTIPLY DEFINED ❮i❯ @1:4
