SOURCE 2:6, FUNCTION DEF ❮a❯ REQUIRES 2 PARAMS, BUT CALLED WITH 0
