ERROR: @2:6, FUNCTION DEFINITION PARAMETER MISMATCH ❮a❯ 1<>2
