ERROR: @3:6, UNRECOGNIZED RATIONAL MATH OPERATION ❮&❯
