ERROR: @1:6, UNRECOGNIZED FUNCTION DEFINITION ❮z❯
