ERROR: @1:1, ARRAY INDEX OUT OF BOUNDS ❰a❱(22) ❰a❱(0..10) @1
