ERROR: @2:12, ARRAY INDEX SIZE MISMATCH ❮a❯ DIM2 @1
