SOURCE 1:1, VARIABLE ❮a❯ DIM1 AS 22 OUTSIDE BOUNDS1 0..10 FROM LINE 1
