ERROR: @1:1, ARRAY INDEX OUTSIDE OF BOUNDS ❮a❯(22) DIM2(0..10) @1
