SOURCE 2:8, VARIABLE ❮a❯ DEFINED AS NONARRAY ON LINE 1
