ERROR: @2:10, ARRAY INDEX SIZE MISMATCH ❰a❱ DIM1 @1
