ERROR: @2:12, VARIABLE / ARRAY DEFINITION MISMATCH ❮a❯ DIM2(0..5, 0..8) @1
