ERROR: @2:10, VARIABLE / ARRAY DEFINITION MISMATCH ❮a❯ DIM1(0..5) @1
