ERROR: @1:7, VARIABLE OR ARRAY HAS NO VALUE ❮void❯
