ERROR: @1:6, VARIABLE OR ARRAY HAS NO VALUE ❮void❯
