ERROR: @1:1, ARRAY SUBSCRIPT NOT A NUMBER ❰a❱(0) ❰VOID❱
