ERROR: @1:4, LEFT / RIGHT OPERATION MISMATCH ❰VOID❱ ❰INTEGER❱
